# github.com/alex-necsoiu/deus-logistics-api/internal/application/cargo
internal/application/cargo/create_cargo_test.go:162:1: expected declaration, found '}'
FAIL	github.com/alex-necsoiu/deus-logistics-api/internal/application/cargo [setup failed]
# github.com/alex-necsoiu/deus-logistics-api/internal/domain/vessel
internal/domain/vessel/usecases_test.go:11:2: no required module provides package github.com/alex-necsoiu/deus-logistics-api/internal/application/vessel; to add it:
	go get github.com/alex-necsoiu/deus-logistics-api/internal/application/vessel
FAIL	github.com/alex-necsoiu/deus-logistics-api/internal/domain/vessel [setup failed]
# github.com/alex-necsoiu/deus-logistics-api/internal/transport/http
internal/domain/vessel/usecases_test.go:11:2: no required module provides package github.com/alex-necsoiu/deus-logistics-api/internal/application/vessel; to add it:
	go get github.com/alex-necsoiu/deus-logistics-api/internal/application/vessel
FAIL	github.com/alex-necsoiu/deus-logistics-api/internal/transport/http [setup failed]
# github.com/alex-necsoiu/deus-logistics-api/internal/events [github.com/alex-necsoiu/deus-logistics-api/internal/events.test]
internal/events/producer_test.go:21:12: not enough arguments in call to DefaultProducerConfig
	have ()
	want ([]string, string)
internal/events/producer_test.go:92:13: cannot use mockWriter (variable of type *mockKafkaWriter) as *kafka.Writer value in struct literal
internal/events/producer_test.go:93:13: not enough arguments in call to DefaultProducerConfig
	have ()
	want ([]string, string)
internal/events/producer_test.go:97:20: cannot use tt.cargoID (variable of type uuid.UUID) as string value in struct literal
internal/events/producer_test.go:100:5: unknown field StatusChanged in struct literal of type cargo.StatusChangedEvent
internal/events/producer_test.go:130:21: cannot use 5 * time.Second (constant 5000000000 of type time.Duration) as int value in struct literal
internal/events/producer_test.go:140:21: cannot use 5 * time.Second (constant 5000000000 of type time.Duration) as int value in struct literal
internal/events/producer_test.go:150:21: cannot use 10 * time.Second (constant 10000000000 of type time.Duration) as int value in struct literal
internal/events/producer_test.go:160:21: cannot use 5 * time.Second (constant 5000000000 of type time.Duration) as int value in struct literal
internal/events/producer_test.go:193:11: cannot use mockWriter (variable of type *mockKafkaWriter) as *kafka.Writer value in struct literal
internal/events/producer_test.go:193:11: too many errors
	github.com/alex-necsoiu/deus-logistics-api/internal/config		coverage: 0.0% of statements
	github.com/alex-necsoiu/deus-logistics-api/cmd/api		coverage: 0.0% of statements
# github.com/shoenig/go-m1cpu
../../pkg/mod/github.com/shoenig/go-m1cpu@v0.1.6/cpu.go:75:17: warning: variable length array folded to constant array as an extension [-Wgnu-folding-constant]
../../pkg/mod/github.com/shoenig/go-m1cpu@v0.1.6/cpu.go:77:16: warning: variable length array folded to constant array as an extension [-Wgnu-folding-constant]
# github.com/alex-necsoiu/deus-logistics-api/internal/validation [github.com/alex-necsoiu/deus-logistics-api/internal/validation.test]
internal/validation/validators_test.go:455:21: too many arguments in call to ve.Add
	have (string, string)
	want (string)
internal/validation/validators_test.go:514:17: too many arguments in call to ve.Add
	have (string, string)
	want (string)
internal/validation/validators_test.go:515:19: too many arguments in call to ve.Add
	have (string, string)
	want (string)
internal/validation/validators_test.go:516:19: too many arguments in call to ve.Add
	have (string, string)
	want (string)
# github.com/alex-necsoiu/deus-logistics-api/internal/postgres [github.com/alex-necsoiu/deus-logistics-api/internal/postgres.test]
internal/postgres/tracking_integration_test.go:277:2: declared and not used: entry1
internal/postgres/tracking_integration_test.go:286:2: declared and not used: entry2
FAIL	github.com/alex-necsoiu/deus-logistics-api/internal/events [build failed]
FAIL	github.com/alex-necsoiu/deus-logistics-api/internal/postgres [build failed]
FAIL	github.com/alex-necsoiu/deus-logistics-api/internal/validation [build failed]
?   	github.com/alex-necsoiu/deus-logistics-api/pkg/response	[no test files]
	github.com/alex-necsoiu/deus-logistics-api/internal/transport/middleware		coverage: 0.0% of statements
=== RUN   TestSentinelErrors
=== RUN   TestSentinelErrors/ErrNotFound_is_defined
=== RUN   TestSentinelErrors/ErrInvalidStatus_is_defined
=== RUN   TestSentinelErrors/ErrInvalidInput_is_defined
--- PASS: TestSentinelErrors (0.00s)
    --- PASS: TestSentinelErrors/ErrNotFound_is_defined (0.00s)
    --- PASS: TestSentinelErrors/ErrInvalidStatus_is_defined (0.00s)
    --- PASS: TestSentinelErrors/ErrInvalidInput_is_defined (0.00s)
=== RUN   TestErrorMessages
=== RUN   TestErrorMessages/ErrNotFound_message
=== RUN   TestErrorMessages/ErrInvalidStatus_message
=== RUN   TestErrorMessages/ErrInvalidInput_message
--- PASS: TestErrorMessages (0.00s)
    --- PASS: TestErrorMessages/ErrNotFound_message (0.00s)
    --- PASS: TestErrorMessages/ErrInvalidStatus_message (0.00s)
    --- PASS: TestErrorMessages/ErrInvalidInput_message (0.00s)
=== RUN   TestErrorComparison
=== RUN   TestErrorComparison/wrapped_ErrNotFound_matches_unwrapped
=== RUN   TestErrorComparison/same_ErrNotFound_reference_matches
=== RUN   TestErrorComparison/ErrNotFound_does_not_match_ErrInvalidStatus
--- PASS: TestErrorComparison (0.00s)
    --- PASS: TestErrorComparison/wrapped_ErrNotFound_matches_unwrapped (0.00s)
    --- PASS: TestErrorComparison/same_ErrNotFound_reference_matches (0.00s)
    --- PASS: TestErrorComparison/ErrNotFound_does_not_match_ErrInvalidStatus (0.00s)
=== RUN   TestErrorDefinitions
=== RUN   TestErrorDefinitions/ErrInvalidInput
=== RUN   TestErrorDefinitions/ErrNotFound
=== RUN   TestErrorDefinitions/ErrInvalidStatus
--- PASS: TestErrorDefinitions (0.00s)
    --- PASS: TestErrorDefinitions/ErrInvalidInput (0.00s)
    --- PASS: TestErrorDefinitions/ErrNotFound (0.00s)
    --- PASS: TestErrorDefinitions/ErrInvalidStatus (0.00s)
=== RUN   TestCargoEventStruct
--- PASS: TestCargoEventStruct (0.00s)
=== RUN   TestStatusChangedEventStruct
--- PASS: TestStatusChangedEventStruct (0.00s)
=== RUN   TestStatusChangedEventStatusValues
=== RUN   TestStatusChangedEventStatusValues/pending_to_in_transit
=== RUN   TestStatusChangedEventStatusValues/in_transit_to_delivered
=== RUN   TestStatusChangedEventStatusValues/pending_to_delivered
--- PASS: TestStatusChangedEventStatusValues (0.00s)
    --- PASS: TestStatusChangedEventStatusValues/pending_to_in_transit (0.00s)
    --- PASS: TestStatusChangedEventStatusValues/in_transit_to_delivered (0.00s)
    --- PASS: TestStatusChangedEventStatusValues/pending_to_delivered (0.00s)
=== RUN   TestCargoStatusIsValid
=== RUN   TestCargoStatusIsValid/valid:_pending
=== RUN   TestCargoStatusIsValid/valid:_in_transit
=== RUN   TestCargoStatusIsValid/valid:_delivered
=== RUN   TestCargoStatusIsValid/invalid:_unknown
=== RUN   TestCargoStatusIsValid/invalid:_empty
=== RUN   TestCargoStatusIsValid/invalid:_typo
--- PASS: TestCargoStatusIsValid (0.00s)
    --- PASS: TestCargoStatusIsValid/valid:_pending (0.00s)
    --- PASS: TestCargoStatusIsValid/valid:_in_transit (0.00s)
    --- PASS: TestCargoStatusIsValid/valid:_delivered (0.00s)
    --- PASS: TestCargoStatusIsValid/invalid:_unknown (0.00s)
    --- PASS: TestCargoStatusIsValid/invalid:_empty (0.00s)
    --- PASS: TestCargoStatusIsValid/invalid:_typo (0.00s)
=== RUN   TestCargoStatusString
=== RUN   TestCargoStatusString/pending
=== RUN   TestCargoStatusString/in_transit
=== RUN   TestCargoStatusString/delivered
=== RUN   TestCargoStatusString/custom
=== RUN   TestCargoStatusString/empty
--- PASS: TestCargoStatusString (0.00s)
    --- PASS: TestCargoStatusString/pending (0.00s)
    --- PASS: TestCargoStatusString/in_transit (0.00s)
    --- PASS: TestCargoStatusString/delivered (0.00s)
    --- PASS: TestCargoStatusString/custom (0.00s)
    --- PASS: TestCargoStatusString/empty (0.00s)
=== RUN   TestCargoIsDelivered
=== RUN   TestCargoIsDelivered/delivered_returns_true
=== RUN   TestCargoIsDelivered/pending_returns_false
=== RUN   TestCargoIsDelivered/in_transit_returns_false
--- PASS: TestCargoIsDelivered (0.00s)
    --- PASS: TestCargoIsDelivered/delivered_returns_true (0.00s)
    --- PASS: TestCargoIsDelivered/pending_returns_false (0.00s)
    --- PASS: TestCargoIsDelivered/in_transit_returns_false (0.00s)
=== RUN   TestCargoIsInTransit
=== RUN   TestCargoIsInTransit/in_transit_returns_true
=== RUN   TestCargoIsInTransit/pending_returns_false
=== RUN   TestCargoIsInTransit/delivered_returns_false
--- PASS: TestCargoIsInTransit (0.00s)
    --- PASS: TestCargoIsInTransit/in_transit_returns_true (0.00s)
    --- PASS: TestCargoIsInTransit/pending_returns_false (0.00s)
    --- PASS: TestCargoIsInTransit/delivered_returns_false (0.00s)
=== RUN   TestCreateCargoInputValidation
=== RUN   TestCreateCargoInputValidation/valid_input
=== RUN   TestCreateCargoInputValidation/valid_without_description
=== RUN   TestCreateCargoInputValidation/empty_name
=== RUN   TestCreateCargoInputValidation/zero_weight
=== RUN   TestCreateCargoInputValidation/negative_weight
=== RUN   TestCreateCargoInputValidation/zero_UUID_vessel
--- PASS: TestCreateCargoInputValidation (0.00s)
    --- PASS: TestCreateCargoInputValidation/valid_input (0.00s)
    --- PASS: TestCreateCargoInputValidation/valid_without_description (0.00s)
    --- PASS: TestCreateCargoInputValidation/empty_name (0.00s)
    --- PASS: TestCreateCargoInputValidation/zero_weight (0.00s)
    --- PASS: TestCreateCargoInputValidation/negative_weight (0.00s)
    --- PASS: TestCreateCargoInputValidation/zero_UUID_vessel (0.00s)
=== RUN   TestCargoUpdateStatus
=== RUN   TestCargoUpdateStatus/pending_to_in_transit_(valid_transition)
=== RUN   TestCargoUpdateStatus/in_transit_to_delivered_(valid_transition)
=== RUN   TestCargoUpdateStatus/pending_to_pending_(same_state)
=== RUN   TestCargoUpdateStatus/in_transit_to_in_transit_(same_state)
=== RUN   TestCargoUpdateStatus/delivered_to_delivered_(same_state)
=== RUN   TestCargoUpdateStatus/pending_to_delivered_(skip_in_transit)
=== RUN   TestCargoUpdateStatus/in_transit_to_pending_(backward_transition)
=== RUN   TestCargoUpdateStatus/delivered_to_pending_(backward_transition)
=== RUN   TestCargoUpdateStatus/delivered_to_in_transit_(backward_transition)
=== RUN   TestCargoUpdateStatus/delivered_blocks_all_transitions
--- PASS: TestCargoUpdateStatus (0.01s)
    --- PASS: TestCargoUpdateStatus/pending_to_in_transit_(valid_transition) (0.00s)
    --- PASS: TestCargoUpdateStatus/in_transit_to_delivered_(valid_transition) (0.00s)
    --- PASS: TestCargoUpdateStatus/pending_to_pending_(same_state) (0.00s)
    --- PASS: TestCargoUpdateStatus/in_transit_to_in_transit_(same_state) (0.00s)
    --- PASS: TestCargoUpdateStatus/delivered_to_delivered_(same_state) (0.00s)
    --- PASS: TestCargoUpdateStatus/pending_to_delivered_(skip_in_transit) (0.00s)
    --- PASS: TestCargoUpdateStatus/in_transit_to_pending_(backward_transition) (0.00s)
    --- PASS: TestCargoUpdateStatus/delivered_to_pending_(backward_transition) (0.00s)
    --- PASS: TestCargoUpdateStatus/delivered_to_in_transit_(backward_transition) (0.00s)
    --- PASS: TestCargoUpdateStatus/delivered_blocks_all_transitions (0.00s)
=== RUN   TestCargoCanTransitionTo
=== RUN   TestCargoCanTransitionTo/pending_can_transition_to_in_transit
=== RUN   TestCargoCanTransitionTo/in_transit_can_transition_to_delivered
=== RUN   TestCargoCanTransitionTo/pending_cannot_transition_to_pending
=== RUN   TestCargoCanTransitionTo/pending_cannot_transition_to_delivered
=== RUN   TestCargoCanTransitionTo/in_transit_cannot_transition_to_pending
=== RUN   TestCargoCanTransitionTo/in_transit_cannot_transition_to_in_transit
=== RUN   TestCargoCanTransitionTo/delivered_cannot_transition_to_pending
=== RUN   TestCargoCanTransitionTo/delivered_cannot_transition_to_in_transit
=== RUN   TestCargoCanTransitionTo/delivered_cannot_transition_to_delivered
--- PASS: TestCargoCanTransitionTo (0.00s)
    --- PASS: TestCargoCanTransitionTo/pending_can_transition_to_in_transit (0.00s)
    --- PASS: TestCargoCanTransitionTo/in_transit_can_transition_to_delivered (0.00s)
    --- PASS: TestCargoCanTransitionTo/pending_cannot_transition_to_pending (0.00s)
    --- PASS: TestCargoCanTransitionTo/pending_cannot_transition_to_delivered (0.00s)
    --- PASS: TestCargoCanTransitionTo/in_transit_cannot_transition_to_pending (0.00s)
    --- PASS: TestCargoCanTransitionTo/in_transit_cannot_transition_to_in_transit (0.00s)
    --- PASS: TestCargoCanTransitionTo/delivered_cannot_transition_to_pending (0.00s)
    --- PASS: TestCargoCanTransitionTo/delivered_cannot_transition_to_in_transit (0.00s)
    --- PASS: TestCargoCanTransitionTo/delivered_cannot_transition_to_delivered (0.00s)
=== RUN   TestCargoTransitionSequence
--- PASS: TestCargoTransitionSequence (0.00s)
PASS
coverage: 86.7% of statements
ok  	github.com/alex-necsoiu/deus-logistics-api/internal/domain/cargo	0.487s	coverage: 86.7% of statements
=== RUN   TestSentinelErrors
=== RUN   TestSentinelErrors/ErrInvalidEntry
=== RUN   TestSentinelErrors/ErrCargoNotFound
--- PASS: TestSentinelErrors (0.00s)
    --- PASS: TestSentinelErrors/ErrInvalidEntry (0.00s)
    --- PASS: TestSentinelErrors/ErrCargoNotFound (0.00s)
=== RUN   TestErrorsAreDistinct
--- PASS: TestErrorsAreDistinct (0.00s)
=== RUN   TestTrackingEntryStruct
--- PASS: TestTrackingEntryStruct (0.00s)
=== RUN   TestAddTrackingInputValidation
=== RUN   TestAddTrackingInputValidation/valid_input
=== RUN   TestAddTrackingInputValidation/valid_without_note
=== RUN   TestAddTrackingInputValidation/zero_UUID_cargo
=== RUN   TestAddTrackingInputValidation/empty_location
=== RUN   TestAddTrackingInputValidation/empty_status
--- PASS: TestAddTrackingInputValidation (0.00s)
    --- PASS: TestAddTrackingInputValidation/valid_input (0.00s)
    --- PASS: TestAddTrackingInputValidation/valid_without_note (0.00s)
    --- PASS: TestAddTrackingInputValidation/zero_UUID_cargo (0.00s)
    --- PASS: TestAddTrackingInputValidation/empty_location (0.00s)
    --- PASS: TestAddTrackingInputValidation/empty_status (0.00s)
PASS
coverage: 100.0% of statements
ok  	github.com/alex-necsoiu/deus-logistics-api/internal/domain/tracking	0.699s	coverage: 100.0% of statements
=== RUN   TestMapErrorToHTTPStatus
=== RUN   TestMapErrorToHTTPStatus/nil_error_returns_200_OK
=== RUN   TestMapErrorToHTTPStatus/ErrNotFound_returns_404
=== RUN   TestMapErrorToHTTPStatus/cargo.ErrNotFound_returns_404
=== RUN   TestMapErrorToHTTPStatus/vessel.ErrNotFound_returns_404
=== RUN   TestMapErrorToHTTPStatus/tracking.ErrCargoNotFound_returns_404
=== RUN   TestMapErrorToHTTPStatus/ErrInvalidTransition_returns_422
=== RUN   TestMapErrorToHTTPStatus/cargo.ErrInvalidTransition_returns_422
=== RUN   TestMapErrorToHTTPStatus/ErrInvalidInput_returns_400
=== RUN   TestMapErrorToHTTPStatus/cargo.ErrInvalidInput_returns_400
=== RUN   TestMapErrorToHTTPStatus/cargo.ErrInvalidStatus_returns_400
=== RUN   TestMapErrorToHTTPStatus/vessel.ErrInvalidInput_returns_400
=== RUN   TestMapErrorToHTTPStatus/tracking.ErrInvalidEntry_returns_400
=== RUN   TestMapErrorToHTTPStatus/unknown_error_returns_500
=== RUN   TestMapErrorToHTTPStatus/wrapped_ErrNotFound_returns_404
=== RUN   TestMapErrorToHTTPStatus/ErrUnknown_returns_500
--- PASS: TestMapErrorToHTTPStatus (0.00s)
    --- PASS: TestMapErrorToHTTPStatus/nil_error_returns_200_OK (0.00s)
    --- PASS: TestMapErrorToHTTPStatus/ErrNotFound_returns_404 (0.00s)
    --- PASS: TestMapErrorToHTTPStatus/cargo.ErrNotFound_returns_404 (0.00s)
    --- PASS: TestMapErrorToHTTPStatus/vessel.ErrNotFound_returns_404 (0.00s)
    --- PASS: TestMapErrorToHTTPStatus/tracking.ErrCargoNotFound_returns_404 (0.00s)
    --- PASS: TestMapErrorToHTTPStatus/ErrInvalidTransition_returns_422 (0.00s)
    --- PASS: TestMapErrorToHTTPStatus/cargo.ErrInvalidTransition_returns_422 (0.00s)
    --- PASS: TestMapErrorToHTTPStatus/ErrInvalidInput_returns_400 (0.00s)
    --- PASS: TestMapErrorToHTTPStatus/cargo.ErrInvalidInput_returns_400 (0.00s)
    --- PASS: TestMapErrorToHTTPStatus/cargo.ErrInvalidStatus_returns_400 (0.00s)
    --- PASS: TestMapErrorToHTTPStatus/vessel.ErrInvalidInput_returns_400 (0.00s)
    --- PASS: TestMapErrorToHTTPStatus/tracking.ErrInvalidEntry_returns_400 (0.00s)
    --- PASS: TestMapErrorToHTTPStatus/unknown_error_returns_500 (0.00s)
    --- PASS: TestMapErrorToHTTPStatus/wrapped_ErrNotFound_returns_404 (0.00s)
    --- PASS: TestMapErrorToHTTPStatus/ErrUnknown_returns_500 (0.00s)
=== RUN   TestMapErrorToErrorCode
=== RUN   TestMapErrorToErrorCode/nil_error_returns_empty_code
=== RUN   TestMapErrorToErrorCode/ErrNotFound_returns_CodeNotFound
=== RUN   TestMapErrorToErrorCode/cargo.ErrNotFound_returns_CodeNotFound
=== RUN   TestMapErrorToErrorCode/vessel.ErrNotFound_returns_CodeNotFound
=== RUN   TestMapErrorToErrorCode/tracking.ErrCargoNotFound_returns_CodeNotFound
=== RUN   TestMapErrorToErrorCode/ErrInvalidTransition_returns_CodeInvalidTransition
=== RUN   TestMapErrorToErrorCode/cargo.ErrInvalidTransition_returns_CodeInvalidTransition
=== RUN   TestMapErrorToErrorCode/ErrInvalidInput_returns_CodeInvalidInput
=== RUN   TestMapErrorToErrorCode/cargo.ErrInvalidInput_returns_CodeInvalidInput
=== RUN   TestMapErrorToErrorCode/cargo.ErrInvalidStatus_returns_CodeInvalidInput
=== RUN   TestMapErrorToErrorCode/vessel.ErrInvalidInput_returns_CodeInvalidInput
=== RUN   TestMapErrorToErrorCode/tracking.ErrInvalidEntry_returns_CodeInvalidInput
=== RUN   TestMapErrorToErrorCode/unknown_error_returns_CodeInternalError
--- PASS: TestMapErrorToErrorCode (0.00s)
    --- PASS: TestMapErrorToErrorCode/nil_error_returns_empty_code (0.00s)
    --- PASS: TestMapErrorToErrorCode/ErrNotFound_returns_CodeNotFound (0.00s)
    --- PASS: TestMapErrorToErrorCode/cargo.ErrNotFound_returns_CodeNotFound (0.00s)
    --- PASS: TestMapErrorToErrorCode/vessel.ErrNotFound_returns_CodeNotFound (0.00s)
    --- PASS: TestMapErrorToErrorCode/tracking.ErrCargoNotFound_returns_CodeNotFound (0.00s)
    --- PASS: TestMapErrorToErrorCode/ErrInvalidTransition_returns_CodeInvalidTransition (0.00s)
    --- PASS: TestMapErrorToErrorCode/cargo.ErrInvalidTransition_returns_CodeInvalidTransition (0.00s)
    --- PASS: TestMapErrorToErrorCode/ErrInvalidInput_returns_CodeInvalidInput (0.00s)
    --- PASS: TestMapErrorToErrorCode/cargo.ErrInvalidInput_returns_CodeInvalidInput (0.00s)
    --- PASS: TestMapErrorToErrorCode/cargo.ErrInvalidStatus_returns_CodeInvalidInput (0.00s)
    --- PASS: TestMapErrorToErrorCode/vessel.ErrInvalidInput_returns_CodeInvalidInput (0.00s)
    --- PASS: TestMapErrorToErrorCode/tracking.ErrInvalidEntry_returns_CodeInvalidInput (0.00s)
    --- PASS: TestMapErrorToErrorCode/unknown_error_returns_CodeInternalError (0.00s)
=== RUN   TestMapErrorToErrorMessage
=== RUN   TestMapErrorToErrorMessage/nil_error_returns_empty_message
=== RUN   TestMapErrorToErrorMessage/ErrNotFound_returns_standard_message
=== RUN   TestMapErrorToErrorMessage/cargo.ErrNotFound_returns_standard_message
=== RUN   TestMapErrorToErrorMessage/vessel.ErrNotFound_returns_standard_message
=== RUN   TestMapErrorToErrorMessage/tracking.ErrCargoNotFound_returns_standard_message
=== RUN   TestMapErrorToErrorMessage/ErrInvalidTransition_returns_standard_message
    errors_test.go:283: 
        	Error Trace:	/Users/alexnecsoiu/go/src/deus-logistics-api/internal/errors/errors_test.go:283
        	Error:      	Not equal: 
        	            	expected: "The requested operation is not allowed."
        	            	actual  : "The requested operation violates business rules or state constraints."
        	            	
        	            	Diff:
        	            	--- Expected
        	            	+++ Actual
        	            	@@ -1 +1 @@
        	            	-The requested operation is not allowed.
        	            	+The requested operation violates business rules or state constraints.
        	Test:       	TestMapErrorToErrorMessage/ErrInvalidTransition_returns_standard_message
=== RUN   TestMapErrorToErrorMessage/cargo.ErrInvalidTransition_returns_standard_message
    errors_test.go:283: 
        	Error Trace:	/Users/alexnecsoiu/go/src/deus-logistics-api/internal/errors/errors_test.go:283
        	Error:      	Not equal: 
        	            	expected: "The requested operation is not allowed."
        	            	actual  : "The requested operation violates business rules or state constraints."
        	            	
        	            	Diff:
        	            	--- Expected
        	            	+++ Actual
        	            	@@ -1 +1 @@
        	            	-The requested operation is not allowed.
        	            	+The requested operation violates business rules or state constraints.
        	Test:       	TestMapErrorToErrorMessage/cargo.ErrInvalidTransition_returns_standard_message
=== RUN   TestMapErrorToErrorMessage/ErrInvalidInput_returns_standard_message
    errors_test.go:283: 
        	Error Trace:	/Users/alexnecsoiu/go/src/deus-logistics-api/internal/errors/errors_test.go:283
        	Error:      	Not equal: 
        	            	expected: "The request contained invalid data."
        	            	actual  : "The request input is invalid. Please check the request and try again."
        	            	
        	            	Diff:
        	            	--- Expected
        	            	+++ Actual
        	            	@@ -1 +1 @@
        	            	-The request contained invalid data.
        	            	+The request input is invalid. Please check the request and try again.
        	Test:       	TestMapErrorToErrorMessage/ErrInvalidInput_returns_standard_message
=== RUN   TestMapErrorToErrorMessage/cargo.ErrInvalidInput_returns_standard_message
    errors_test.go:283: 
        	Error Trace:	/Users/alexnecsoiu/go/src/deus-logistics-api/internal/errors/errors_test.go:283
        	Error:      	Not equal: 
        	            	expected: "The request contained invalid data."
        	            	actual  : "The request input is invalid. Please check the request and try again."
        	            	
        	            	Diff:
        	            	--- Expected
        	            	+++ Actual
        	            	@@ -1 +1 @@
        	            	-The request contained invalid data.
        	            	+The request input is invalid. Please check the request and try again.
        	Test:       	TestMapErrorToErrorMessage/cargo.ErrInvalidInput_returns_standard_message
=== RUN   TestMapErrorToErrorMessage/cargo.ErrInvalidStatus_returns_standard_message
    errors_test.go:283: 
        	Error Trace:	/Users/alexnecsoiu/go/src/deus-logistics-api/internal/errors/errors_test.go:283
        	Error:      	Not equal: 
        	            	expected: "The request contained invalid data."
        	            	actual  : "The request input is invalid. Please check the request and try again."
        	            	
        	            	Diff:
        	            	--- Expected
        	            	+++ Actual
        	            	@@ -1 +1 @@
        	            	-The request contained invalid data.
        	            	+The request input is invalid. Please check the request and try again.
        	Test:       	TestMapErrorToErrorMessage/cargo.ErrInvalidStatus_returns_standard_message
=== RUN   TestMapErrorToErrorMessage/vessel.ErrInvalidInput_returns_standard_message
    errors_test.go:283: 
        	Error Trace:	/Users/alexnecsoiu/go/src/deus-logistics-api/internal/errors/errors_test.go:283
        	Error:      	Not equal: 
        	            	expected: "The request contained invalid data."
        	            	actual  : "The request input is invalid. Please check the request and try again."
        	            	
        	            	Diff:
        	            	--- Expected
        	            	+++ Actual
        	            	@@ -1 +1 @@
        	            	-The request contained invalid data.
        	            	+The request input is invalid. Please check the request and try again.
        	Test:       	TestMapErrorToErrorMessage/vessel.ErrInvalidInput_returns_standard_message
=== RUN   TestMapErrorToErrorMessage/tracking.ErrInvalidEntry_returns_standard_message
    errors_test.go:283: 
        	Error Trace:	/Users/alexnecsoiu/go/src/deus-logistics-api/internal/errors/errors_test.go:283
        	Error:      	Not equal: 
        	            	expected: "The request contained invalid data."
        	            	actual  : "The request input is invalid. Please check the request and try again."
        	            	
        	            	Diff:
        	            	--- Expected
        	            	+++ Actual
        	            	@@ -1 +1 @@
        	            	-The request contained invalid data.
        	            	+The request input is invalid. Please check the request and try again.
        	Test:       	TestMapErrorToErrorMessage/tracking.ErrInvalidEntry_returns_standard_message
=== RUN   TestMapErrorToErrorMessage/unknown_error_returns_standard_message
    errors_test.go:283: 
        	Error Trace:	/Users/alexnecsoiu/go/src/deus-logistics-api/internal/errors/errors_test.go:283
        	Error:      	Not equal: 
        	            	expected: "An unexpected error occurred."
        	            	actual  : "An unexpected error occurred. Please try again later."
        	            	
        	            	Diff:
        	            	--- Expected
        	            	+++ Actual
        	            	@@ -1 +1 @@
        	            	-An unexpected error occurred.
        	            	+An unexpected error occurred. Please try again later.
        	Test:       	TestMapErrorToErrorMessage/unknown_error_returns_standard_message
=== RUN   TestMapErrorToErrorMessage/ErrUnknown_returns_standard_message
    errors_test.go:283: 
        	Error Trace:	/Users/alexnecsoiu/go/src/deus-logistics-api/internal/errors/errors_test.go:283
        	Error:      	Not equal: 
        	            	expected: "An unexpected error occurred."
        	            	actual  : "An unexpected error occurred. Please try again later."
        	            	
        	            	Diff:
        	            	--- Expected
        	            	+++ Actual
        	            	@@ -1 +1 @@
        	            	-An unexpected error occurred.
        	            	+An unexpected error occurred. Please try again later.
        	Test:       	TestMapErrorToErrorMessage/ErrUnknown_returns_standard_message
--- FAIL: TestMapErrorToErrorMessage (0.00s)
    --- PASS: TestMapErrorToErrorMessage/nil_error_returns_empty_message (0.00s)
    --- PASS: TestMapErrorToErrorMessage/ErrNotFound_returns_standard_message (0.00s)
    --- PASS: TestMapErrorToErrorMessage/cargo.ErrNotFound_returns_standard_message (0.00s)
    --- PASS: TestMapErrorToErrorMessage/vessel.ErrNotFound_returns_standard_message (0.00s)
    --- PASS: TestMapErrorToErrorMessage/tracking.ErrCargoNotFound_returns_standard_message (0.00s)
    --- FAIL: TestMapErrorToErrorMessage/ErrInvalidTransition_returns_standard_message (0.00s)
    --- FAIL: TestMapErrorToErrorMessage/cargo.ErrInvalidTransition_returns_standard_message (0.00s)
    --- FAIL: TestMapErrorToErrorMessage/ErrInvalidInput_returns_standard_message (0.00s)
    --- FAIL: TestMapErrorToErrorMessage/cargo.ErrInvalidInput_returns_standard_message (0.00s)
    --- FAIL: TestMapErrorToErrorMessage/cargo.ErrInvalidStatus_returns_standard_message (0.00s)
    --- FAIL: TestMapErrorToErrorMessage/vessel.ErrInvalidInput_returns_standard_message (0.00s)
    --- FAIL: TestMapErrorToErrorMessage/tracking.ErrInvalidEntry_returns_standard_message (0.00s)
    --- FAIL: TestMapErrorToErrorMessage/unknown_error_returns_standard_message (0.00s)
    --- FAIL: TestMapErrorToErrorMessage/ErrUnknown_returns_standard_message (0.00s)
=== RUN   TestErrorCodeValues
=== RUN   TestErrorCodeValues/CodeNotFound_value
=== RUN   TestErrorCodeValues/CodeInvalidInput_value
=== RUN   TestErrorCodeValues/CodeInvalidTransition_value
=== RUN   TestErrorCodeValues/CodeInternalError_value
--- PASS: TestErrorCodeValues (0.00s)
    --- PASS: TestErrorCodeValues/CodeNotFound_value (0.00s)
    --- PASS: TestErrorCodeValues/CodeInvalidInput_value (0.00s)
    --- PASS: TestErrorCodeValues/CodeInvalidTransition_value (0.00s)
    --- PASS: TestErrorCodeValues/CodeInternalError_value (0.00s)
=== RUN   TestSentinelErrors
=== RUN   TestSentinelErrors/ErrNotFound_has_message
=== RUN   TestSentinelErrors/ErrInvalidTransition_has_message
=== RUN   TestSentinelErrors/ErrInvalidInput_has_message
=== RUN   TestSentinelErrors/ErrUnknown_has_message
--- PASS: TestSentinelErrors (0.00s)
    --- PASS: TestSentinelErrors/ErrNotFound_has_message (0.00s)
    --- PASS: TestSentinelErrors/ErrInvalidTransition_has_message (0.00s)
    --- PASS: TestSentinelErrors/ErrInvalidInput_has_message (0.00s)
    --- PASS: TestSentinelErrors/ErrUnknown_has_message (0.00s)
FAIL
coverage: 100.0% of statements
FAIL	github.com/alex-necsoiu/deus-logistics-api/internal/errors	1.378s
=== RUN   TestCargoServiceCreateCargo
--- PASS: TestCargoServiceCreateCargo (0.00s)
=== RUN   TestCargoServiceGetCargo
--- PASS: TestCargoServiceGetCargo (0.00s)
=== RUN   TestCargoServiceGetCargoNotFound
--- PASS: TestCargoServiceGetCargoNotFound (0.00s)
=== RUN   TestCargoServiceListCargoes
--- PASS: TestCargoServiceListCargoes (0.00s)
=== RUN   TestCargoServiceListCargoByVesselID
--- PASS: TestCargoServiceListCargoByVesselID (0.00s)
=== RUN   TestCargoServiceUpdateCargoStatus
--- PASS: TestCargoServiceUpdateCargoStatus (0.00s)
=== RUN   TestCargoServiceUpdateCargoStatusInvalidStatus
--- PASS: TestCargoServiceUpdateCargoStatusInvalidStatus (0.00s)
=== RUN   TestCargoServiceUpdateCargoStatusRepoError
--- PASS: TestCargoServiceUpdateCargoStatusRepoError (0.00s)
=== RUN   TestTrackingServiceAddEntry
--- PASS: TestTrackingServiceAddEntry (0.00s)
=== RUN   TestTrackingServiceGetHistory
--- PASS: TestTrackingServiceGetHistory (0.00s)
=== RUN   TestVesselServiceCreateVessel
--- PASS: TestVesselServiceCreateVessel (0.00s)
=== RUN   TestVesselServiceGetVessel
--- PASS: TestVesselServiceGetVessel (0.00s)
=== RUN   TestVesselServiceGetVesselNotFound
--- PASS: TestVesselServiceGetVesselNotFound (0.00s)
=== RUN   TestVesselServiceListVessels
--- PASS: TestVesselServiceListVessels (0.00s)
=== RUN   TestVesselServiceUpdateLocation
--- PASS: TestVesselServiceUpdateLocation (0.00s)
PASS
coverage: 71.4% of statements
ok  	github.com/alex-necsoiu/deus-logistics-api/internal/service	0.930s	coverage: 71.4% of statements
FAIL
